ARM Linker, 4.1 [Build 894] [Professional]

==============================================================================

Section Cross References

    startup_lpc17xx.o(STACK) refers (Special) to heapauxi.o(.text) for __use_two_region_memory
    startup_lpc17xx.o(HEAP) refers (Special) to heapauxi.o(.text) for __use_two_region_memory
    startup_lpc17xx.o(RESET) refers (Special) to heapauxi.o(.text) for __use_two_region_memory
    startup_lpc17xx.o(RESET) refers to startup_lpc17xx.o(STACK) for __initial_sp
    startup_lpc17xx.o(RESET) refers to startup_lpc17xx.o(.text) for Reset_Handler
    startup_lpc17xx.o(RESET) refers to delay.o(.text) for SysTick_Handler
    startup_lpc17xx.o(RESET) refers to ctime.o(.text) for TIMER0_IRQHandler
    startup_lpc17xx.o(RESET) refers to uart.o(.text) for UART0_IRQHandler
    startup_lpc17xx.o(RESET) refers to pwm.o(.text) for PWM1_IRQHandler
    startup_lpc17xx.o(RESET) refers to i2c.o(.text) for I2C0_IRQHandler
    startup_lpc17xx.o(RESET) refers to extint.o(.text) for EINT1_IRQHandler
    startup_lpc17xx.o(.ARM.__at_0x02FC) refers (Special) to heapauxi.o(.text) for __use_two_region_memory
    startup_lpc17xx.o(.text) refers (Special) to heapauxi.o(.text) for __use_two_region_memory
    startup_lpc17xx.o(.text) refers to system_lpc17xx.o(.text) for SystemInit
    startup_lpc17xx.o(.text) refers to __main.o(!!!main) for __main
    startup_lpc17xx.o(.text) refers to startup_lpc17xx.o(HEAP) for Heap_Mem
    startup_lpc17xx.o(.text) refers to startup_lpc17xx.o(STACK) for Stack_Mem
    system_lpc17xx.o(.text) refers to system_lpc17xx.o(.data) for SystemFrequency
    main.o(.text) refers to initialization.o(.text) for Hardware_init
    main.o(.text) refers to runfunction.o(.text) for Run_Task
    delay.o(.text) refers to delay.o(.data) for msTicks
    i2c.o(.text) refers to i2c.o(.data) for I2C_end
    uart.o(.text) refers to ssp.o(.text) for M25P80_Read_1Byte
    uart.o(.text) refers to ccompara.o(.text) for ReadCom1Data
    uart.o(.text) refers to cgrapparam.o(.text) for GetComRegFlag
    uart.o(.text) refers to ccomhandle.o(.text) for SetConvertdata
    uart.o(.text) refers to ccompinten.o(.text) for CGetIntenFlag
    uart.o(.text) refers to ctasksure.o(.text) for GetAnnUartFlag
    uart.o(.text) refers to uart.o(.bss) for data3
    uart.o(.text) refers to uart.o(.data) for tp
    uart.o(.text) refers to system_lpc17xx.o(.data) for SystemFrequency
    extint.o(.text) refers to cflashparam.o(.text) for SetHistFlag
    extint.o(.text) refers to csetcurrent.o(.text) for State_0mA
    extint.o(.text) refers to ctimedef.o(.text) for ClrTimer0Counter
    extint.o(.text) refers to caddresscount.o(.text) for CirAddrCounter
    extint.o(.text) refers to extint.o(.data) for Extint1_flag
    ctime.o(.text) refers to cled.o(.text) for Led_Run_On
    ctime.o(.text) refers to ctimedef.o(.text) for AddTimer0Counter
    ctime.o(.text) refers to caddresscount.o(.text) for CirSendAlarmInfo
    ctime.o(.text) refers to runfunction.o(.text) for HF195
    ctime.o(.text) refers to ctasksure.o(.text) for GetZjFlag
    ctime.o(.text) refers to ccompara.o(.text) for GetAlarmFlag
    ctime.o(.text) refers to pwm.o(.text) for PWM1_Start
    ctime.o(.text) refers to key.o(.text) for Scan_Key
    ctime.o(.text) refers to system_lpc17xx.o(.data) for SystemFrequency
    ctime.o(.text) refers to ctime.o(.data) for vTimeTickCounter
    ctimedef.o(.text) refers to ctimedef.o(.data) for vCurTime0Def
    ctimedef.o(.text) refers to system_lpc17xx.o(.data) for SystemFrequency
    pwm.o(.text) refers to pwm.o(.data) for match_counter1
    lcd.o(.text) refers to lcd.o(.constdata) for acHZK16F
    lcd.o(.text) refers to lcd.o(.data) for Hzk1
    pcf8563.o(.text) refers to i2c.o(.text) for I2C_WriteNByte
    pcf8563.o(.text) refers to pcf8563.o(.data) for TimeAndDate
    key.o(.text) refers to delay.o(.text) for Delay1Ms
    key.o(.text) refers to ctime.o(.text) for disable_timer
    key.o(.text) refers to ccompara.o(.text) for SetAlarmFlag
    key.o(.text) refers to ccomhandle.o(.text) for GetDisplay_alarm_flag
    key.o(.text) refers to cled.o(.text) for Led_Silence_On
    key.o(.text) refers to pwm.o(.text) for PWM1_Stop
    key.o(.text) refers to ckeycounter.o(.text) for GetPasswordFlag
    key.o(.text) refers to key.o(.data) for vBackValue
    key.o(.text) refers to key.o(.bss) for vKeyCounter
    buffer.o(.text) refers to rt_memclr.o(.text) for __aeabi_memclr
    buffer.o(.text) refers to buffer.o(.data) for tem
    buffer.o(.data) refers to buffer.o(.bss) for Uartbuf
    cgrapparam.o(.text) refers to cgrapparam.o(.data) for vLocalAddress
    cflashparam.o(.text) refers to ssp.o(.text) for M25P80_Read_1Byte
    cflashparam.o(.text) refers to cflashparam.o(.data) for vHisCounter
    cflashparam.o(.text) refers to cflashparam.o(.bss) for vHisList
    csendtoflash.o(.text) refers to ssp.o(.text) for M25P80_Read_1Byte
    csendtoflash.o(.text) refers to cflashparam.o(.text) for GetPSNFormFlash
[...]
    BusFault_Handler                         0x000001bb   Thumb Code     2  startup_lpc17xx.o(.text)
    UsageFault_Handler                       0x000001bd   Thumb Code     2  startup_lpc17xx.o(.text)
    SVC_Handler                              0x000001bf   Thumb Code     2  startup_lpc17xx.o(.text)
    DebugMon_Handler                         0x000001c1   Thumb Code     2  startup_lpc17xx.o(.text)
    PendSV_Handler                           0x000001c3   Thumb Code     2  startup_lpc17xx.o(.text)
    ADC_IRQHandler                           0x000001c7   Thumb Code     0  startup_lpc17xx.o(.text)
    BOD_IRQHandler                           0x000001c7   Thumb Code     0  startup_lpc17xx.o(.text)
    CANActivity_IRQHandler                   0x000001c7   Thumb Code     0  startup_lpc17xx.o(.text)
    CAN_IRQHandler                           0x000001c7   Thumb Code     0  startup_lpc17xx.o(.text)
    DMA_IRQHandler                           0x000001c7   Thumb Code     0  startup_lpc17xx.o(.text)
    EINT0_IRQHandler                         0x000001c7   Thumb Code     0  startup_lpc17xx.o(.text)
    EINT2_IRQHandler                         0x000001c7   Thumb Code     0  startup_lpc17xx.o(.text)
    ENET_IRQHandler                          0x000001c7   Thumb Code     0  startup_lpc17xx.o(.text)
    I2C1_IRQHandler                          0x000001c7   Thumb Code     0  startup_lpc17xx.o(.text)
    I2C2_IRQHandler                          0x000001c7   Thumb Code     0  startup_lpc17xx.o(.text)
    I2S_IRQHandler                           0x000001c7   Thumb Code     0  startup_lpc17xx.o(.text)
    MCPWM_IRQHandler                         0x000001c7   Thumb Code     0  startup_lpc17xx.o(.text)
    PLL0_IRQHandler                          0x000001c7   Thumb Code     0  startup_lpc17xx.o(.text)
    PLL1_IRQHandler                          0x000001c7   Thumb Code     0  startup_lpc17xx.o(.text)
    QEI_IRQHandler                           0x000001c7   Thumb Code     0  startup_lpc17xx.o(.text)
    RIT_IRQHandler                           0x000001c7   Thumb Code     0  startup_lpc17xx.o(.text)
    RTC_IRQHandler                           0x000001c7   Thumb Code     0  startup_lpc17xx.o(.text)
    SPI_IRQHandler                           0x000001c7   Thumb Code     0  startup_lpc17xx.o(.text)
    SSP0_IRQHandler                          0x000001c7   Thumb Code     0  startup_lpc17xx.o(.text)
    SSP1_IRQHandler                          0x000001c7   Thumb Code     0  startup_lpc17xx.o(.text)
    TIMER2_IRQHandler                        0x000001c7   Thumb Code     0  startup_lpc17xx.o(.text)
    TIMER3_IRQHandler                        0x000001c7   Thumb Code     0  startup_lpc17xx.o(.text)
    UART2_IRQHandler                         0x000001c7   Thumb Code     0  startup_lpc17xx.o(.text)
    UART3_IRQHandler                         0x000001c7   Thumb Code     0  startup_lpc17xx.o(.text)
    USBActivity_IRQHandler                   0x000001c7   Thumb Code     0  startup_lpc17xx.o(.text)
    USB_IRQHandler                           0x000001c7   Thumb Code     0  startup_lpc17xx.o(.text)
    WDT_IRQHandler                           0x000001c7   Thumb Code     0  startup_lpc17xx.o(.text)
    __user_initial_stackheap                 0x000001c9   Thumb Code     0  startup_lpc17xx.o(.text)
    main                                     0x000001e9   Thumb Code    16  main.o(.text)
    SysTick_Handler                          0x000001f9   Thumb Code    12  delay.o(.text)
    delay1                                   0x00000205   Thumb Code     2  delay.o(.text)
    DelayUs2x                                0x00000207   Thumb Code    12  delay.o(.text)
    Delay1Ms                                 0x00000213   Thumb Code    28  delay.o(.text)
    Relay_Init                               0x00000235   Thumb Code    42  crelay.o(.text)
    Fire_Relay_On                            0x0000025f   Thumb Code    14  crelay.o(.text)
    Fire_Relay_Off                           0x0000026d   Thumb Code    14  crelay.o(.text)
    Fault_Relay_On                           0x0000027b   Thumb Code    14  crelay.o(.text)
    Fault_Relay_Off                          0x00000289   Thumb Code    14  crelay.o(.text)
    State_0mA                                0x000002a1   Thumb Code    14  csetcurrent.o(.text)
    State_6mA                                0x000002af   Thumb Code    24  csetcurrent.o(.text)
    State_20mA                               0x000002c7   Thumb Code    14  csetcurrent.o(.text)
    __use_two_region_memory                  0x000002d9   Thumb Code     2  heapauxi.o(.text)
    __rt_heap_escrow$2region                 0x000002db   Thumb Code     2  heapauxi.o(.text)
    __rt_heap_expand$2region                 0x000002dd   Thumb Code     2  heapauxi.o(.text)
    exit                                     0x000002df   Thumb Code    12  exit.o(.text)
    __user_libspace                          0x000002ed   Thumb Code     8  libspace.o(.text)
    __user_perproc_libspace                  0x000002ed   Thumb Code     0  libspace.o(.text)
    __user_perthread_libspace                0x000002ed   Thumb Code     0  libspace.o(.text)
    __rt_fp_status_addr                      0x000002f5   Thumb Code     8  rt_fp_status_addr_intlibspace.o(.text)
    SystemInit                               0x00000301   Thumb Code   184  system_lpc17xx.o(.text)
    SystemClockUpdate                        0x000003b9   Thumb Code   320  system_lpc17xx.o(.text)
    SSP_SSELToggle                           0x00000535   Thumb Code    66  ssp.o(.text)
    SSP1_Init                                0x00000577   Thumb Code   232  ssp.o(.text)
    SPI_FLASH_SendByte                       0x0000065f   Thumb Code    26  ssp.o(.text)
    M25P80_CMD1B                             0x00000679   Thumb Code    36  ssp.o(.text)
    M25P80_CMD1B_READ1B                      0x0000069d   Thumb Code    46  ssp.o(.text)
    M25P80_CMD1B_S1B                         0x000006cb   Thumb Code    44  ssp.o(.text)
    M25P80_Write_En                          0x000006f7   Thumb Code    40  ssp.o(.text)
    M25P80_WP_En                             0x0000071f   Thumb Code    40  ssp.o(.text)
    M25P80_Busy                              0x00000747   Thumb Code    58  ssp.o(.text)
    M25P80_Section_Erase                     0x00000781   Thumb Code    96  ssp.o(.text)
    M25P80_Bulk_Erase                        0x000007e1   Thumb Code    28  ssp.o(.text)
    M25P80_Write_1Byte                       0x000007fd   Thumb Code   104  ssp.o(.text)
    M25P80_Write_Bytes                       0x00000865   Thumb Code   118  ssp.o(.text)
    M25P80_Read_1Byte                        0x000008db   Thumb Code   110  ssp.o(.text)
    M25P80_Read_Bytes                        0x00000949   Thumb Code   114  ssp.o(.text)
    SSPSend                                  0x000009bb   Thumb Code   108  ssp.o(.text)
    SSPReceive                               0x00000a27   Thumb Code    78  ssp.o(.text)
    Wait_I2c_End                             0x00000aa1   Thumb Code    48  i2c.o(.text)
    I2C0_Init                                0x00000ad1   Thumb Code   110  i2c.o(.text)
    I2CIntEnd                                0x00000b3f   Thumb Code    18  i2c.o(.text)
    I2CIntStart                              0x00000b51   Thumb Code    24  i2c.o(.text)
    ISendByte                                0x00000b69   Thumb Code    48  i2c.o(.text)
    IRcvByte                                 0x00000b99   Thumb Code    50  i2c.o(.text)
    I2C_ReadNByte                            0x00000bcb   Thumb Code   126  i2c.o(.text)
    I2C_WriteNByte                           0x00000c49   Thumb Code   120  i2c.o(.text)
    I2C0_IRQHandler                          0x00000cc1   Thumb Code   576  i2c.o(.text)
    ClrData3                                 0x00000f45   Thumb Code    20  uart.o(.text)
    Com0Data_Init                            0x00000f59   Thumb Code    60  uart.o(.text)
    GetCom0Ann                               0x00000f95   Thumb Code    18  uart.o(.text)
    Cleartp                                  0x00000fa7   Thumb Code     8  uart.o(.text)
    GetAnnRow                                0x00000faf   Thumb Code    60  uart.o(.text)
    GetCom1Data                              0x00000feb   Thumb Code     8  uart.o(.text)
    ClrCom1Data                              0x00000ff3   Thumb Code    20  uart.o(.text)
    CSaveAnn                                 0x00001007   Thumb Code    88  uart.o(.text)
    AnnCounterInit                           0x0000105f   Thumb Code    28  uart.o(.text)
    UART1_IRQHandler                         0x0000107b   Thumb Code   258  uart.o(.text)
    GetAnnFlag                               0x0000117d   Thumb Code     6  uart.o(.text)
    HandleAnnFun                             0x00001183   Thumb Code   262  uart.o(.text)
    SaveAnnFun                               0x00001289   Thumb Code     2  uart.o(.text)
    Uart0SendByte                            0x0000128b   Thumb Code    18  uart.o(.text)
    UART0_IRQHandler                         0x0000129d   Thumb Code   260  uart.o(.text)
    UARTInit                                 0x000013a1   Thumb Code   282  uart.o(.text)
    UartIntEnd                               0x000014bb   Thumb Code    16  uart.o(.text)
    UartIntStart                             0x000014cb   Thumb Code    42  uart.o(.text)
    UARTSend                                 0x000014f5   Thumb Code    40  uart.o(.text)
    Uart1SendByte                            0x0000151d   Thumb Code    18  uart.o(.text)
    UART0_SendString                         0x0000152f   Thumb Code    22  uart.o(.text)
    UART1_SendString                         0x00001545   Thumb Code    22  uart.o(.text)
    uart1GetByte                             0x0000155b   Thumb Code    18  uart.o(.text)
    uart0GetByte                             0x0000156d   Thumb Code    18  uart.o(.text)
    uart1GetStr                              0x0000157f   Thumb Code    22  uart.o(.text)
    uart0GetStr                              0x00001595   Thumb Code    22  uart.o(.text)
    GPIOinit                                 0x000015f5   Thumb Code   446  gpioinit.o(.text)
    Eint1_Init                               0x000017e5   Thumb Code    60  extint.o(.text)
    Eint3_Init                               0x00001821   Thumb Code    76  extint.o(.text)
    Eint_Dis                                 0x0000186d   Thumb Code    16  extint.o(.text)
    Eint_En                                  0x0000187d   Thumb Code    32  extint.o(.text)
    SetE1_flag                               0x0000189d   Thumb Code     8  extint.o(.text)
    EINT1_IRQHandler                         0x000018a5   Thumb Code    14  extint.o(.text)
    ClrE3_flag                               0x000018b3   Thumb Code     8  extint.o(.text)
    SetE3_flag                               0x000018bb   Thumb Code     8  extint.o(.text)
    EINT3_IRQHandler                         0x000018c3   Thumb Code   130  extint.o(.text)
    ClrE1_flag                               0x00001945   Thumb Code     8  extint.o(.text)
    GetE1_flag                               0x0000194d   Thumb Code     6  extint.o(.text)
    GetE3_flag                               0x00001953   Thumb Code     6  extint.o(.text)
    cExt3IntFlow                             0x00001959   Thumb Code    10  extint.o(.text)
    cExt3IntRise                             0x00001963   Thumb Code    10  extint.o(.text)
    cExt3IntClrFlow                          0x0000196d   Thumb Code    20  extint.o(.text)
    cExt3IntClrRise                          0x00001981   Thumb Code    20  extint.o(.text)
    init_timer                               0x00001a1d   Thumb Code   262  ctime.o(.text)
    Init_CTime0                              0x00001b23   Thumb Code    96  ctime.o(.text)
    Init_CTime1                              0x00001b83   Thumb Code    98  ctime.o(.text)
    SetTimeTickCounter                       0x00001be5   Thumb Code     6  ctime.o(.text)
    GetTimeTickCounter                       0x00001beb   Thumb Code     6  ctime.o(.text)
    SetHeartTick                             0x00001bf1   Thumb Code     6  ctime.o(.text)
    GetHeartTick                             0x00001bf7   Thumb Code     6  ctime.o(.text)
    AddSpeakerTick                           0x00001bfd   Thumb Code    12  ctime.o(.text)
    SetSpeakerTick                           0x00001c09   Thumb Code     6  ctime.o(.text)
    GetSpeakerTick                           0x00001c0f   Thumb Code     6  ctime.o(.text)
    CLedShow                                 0x00001c15   Thumb Code    80  ctime.o(.text)
    TIMER0_IRQHandler                        0x00001c65   Thumb Code    82  ctime.o(.text)
    CSpeakerPWM                              0x00001cb7   Thumb Code   140  ctime.o(.text)
    TIMER1_IRQHandler                        0x00001d43   Thumb Code    84  ctime.o(.text)
    OpenLCD                                  0x00001d97   Thumb Code    20  ctime.o(.text)
    enable_timer                             0x00001dab   Thumb Code    48  ctime.o(.text)
    disable_timer                            0x00001ddb   Thumb Code   122  ctime.o(.text)
    reset_timer                              0x00001e55   Thumb Code    66  ctime.o(.text)
    Get_CTime0Def                            0x00001ebd   Thumb Code     6  ctimedef.o(.text)
    Set_CTime0Def                            0x00001ec3   Thumb Code    16  ctimedef.o(.text)
    Sel_CTime0Def                            0x00001ed3   Thumb Code    14  ctimedef.o(.text)
    Get_Timer_100us                          0x00001ee1   Thumb Code    14  ctimedef.o(.text)
    Get_Timer_600us                          0x00001eef   Thumb Code    20  ctimedef.o(.text)
    Get_Timer_2ms                            0x00001f03   Thumb Code    20  ctimedef.o(.text)
    Get_Timer_5ms                            0x00001f17   Thumb Code    18  ctimedef.o(.text)
    Get_Timer_8ms                            0x00001f29   Thumb Code    20  ctimedef.o(.text)
    Get_Timer_10ms                           0x00001f3d   Thumb Code    18  ctimedef.o(.text)
    Get_Timer_20ms                           0x00001f4f   Thumb Code    18  ctimedef.o(.text)
    AddTimer0Counter                         0x00001f61   Thumb Code    12  ctimedef.o(.text)
    ClrTimer0Counter                         0x00001f6d   Thumb Code     8  ctimedef.o(.text)
    GetTimer0Counter                         0x00001f75   Thumb Code     6  ctimedef.o(.text)
    PWM1_IRQHandler                          0x00001f8d   Thumb Code    32  pwm.o(.text)
    PWM_Init                                 0x00001fad   Thumb Code   112  pwm.o(.text)
    PWM1_Set                                 0x0000201d   Thumb Code    24  pwm.o(.text)
    PWM1_Start                               0x00002035   Thumb Code    14  pwm.o(.text)
    PWM1_Stop                                0x00002043   Thumb Code    10  pwm.o(.text)
    DelayMs                                  0x00002061   Thumb Code    24  lcd.o(.text)
    DATAout                                  0x00002079   Thumb Code    84  lcd.o(.text)
    CheckState                               0x000020cd   Thumb Code    78  lcd.o(.text)
    SendCommandToLCD                         0x0000211b   Thumb Code    60  lcd.o(.text)
    SetLine                                  0x00002157   Thumb Code    16  lcd.o(.text)
    SetStartLine                             0x00002167   Thumb Code    16  lcd.o(.text)
    SetColumn                                0x00002177   Thumb Code    20  lcd.o(.text)
    SetOnOff                                 0x0000218b   Thumb Code    16  lcd.o(.text)
    WriteByte                                0x0000219b   Thumb Code    60  lcd.o(.text)
    WriteDoubleByte                          0x000021d7   Thumb Code    52  lcd.o(.text)
    WriteBlackByte                           0x0000220b   Thumb Code    64  lcd.o(.text)
    SelectScreen                             0x0000224b   Thumb Code    88  lcd.o(.text)
    ClearScreen                              0x000022a3   Thumb Code    54  lcd.o(.text)
    Clear16Screen                            0x000022d9   Thumb Code    54  lcd.o(.text)
    delay                                    0x0000230f   Thumb Code    26  lcd.o(.text)
    delay_long                               0x00002329   Thumb Code    30  lcd.o(.text)
    InitLCD                                  0x00002347   Thumb Code    50  lcd.o(.text)
    WriteBytedata                            0x00002379   Thumb Code     2  lcd.o(.text)
    DisplayJBHZKBlack                        0x0000237b   Thumb Code   442  lcd.o(.text)
    DisplayJBHZK                             0x00002535   Thumb Code   434  lcd.o(.text)
    Display                                  0x000026e7   Thumb Code   102  lcd.o(.text)
    DisplayBlack                             0x0000274d   Thumb Code    72  lcd.o(.text)
    Display1                                 0x00002795   Thumb Code   102  lcd.o(.text)
    DisplaynumberJBHZK                       0x000027fb   Thumb Code     2  lcd.o(.text)
    Displaynumber                            0x000027fd   Thumb Code    96  lcd.o(.text)
    DisplaynumberBlack                       0x0000285d   Thumb Code    96  lcd.o(.text)
    WriteBlue                                0x000028bd   Thumb Code    54  lcd.o(.text)
    PCF8563_Set                              0x00002905   Thumb Code   292  pcf8563.o(.text)
    PCF8563_Read                             0x00002a29   Thumb Code   282  pcf8563.o(.text)
    PCF8563_SS                               0x00002b43   Thumb Code    36  pcf8563.o(.text)
    PCF8563_Set_TD                           0x00002b67   Thumb Code   286  pcf8563.o(.text)
    PCF8563_Get_TD                           0x00002c85   Thumb Code   218  pcf8563.o(.text)
    PCF8563_Set_ClkOut                       0x00002d5f   Thumb Code    22  pcf8563.o(.text)
    PCF8563_Set_Alarm                        0x00002d75   Thumb Code    68  pcf8563.o(.text)
    PCF8563_Set_Timer                        0x00002db9   Thumb Code    32  pcf8563.o(.text)
    PCF8563_INT_State                        0x00002dd9   Thumb Code   130  pcf8563.o(.text)
    PCF8563_Init                             0x00002e5b   Thumb Code    68  pcf8563.o(.text)
    GetBackValue                             0x00002ea5   Thumb Code     6  key.o(.text)
    ClrBackValue                             0x00002eab   Thumb Code     8  key.o(.text)
    Scan_Key                                 0x00002eb3   Thumb Code   574  key.o(.text)
    CGet_KeyValue                            0x000030f1   Thumb Code   244  key.o(.text)
    Led_Fire_Off                             0x000031f1   Thumb Code    14  cled.o(.text)
    Led_Fault_Off                            0x000031ff   Thumb Code    14  cled.o(.text)
    Led_Wireless_Off                         0x0000320d   Thumb Code    14  cled.o(.text)
    Led_Silence_Off                          0x0000321b   Thumb Code    14  cled.o(.text)
    Led_Run_Off                              0x00003229   Thumb Code    14  cled.o(.text)
    Led_Fire_Init                            0x00003237   Thumb Code    36  cled.o(.text)
    Led_Fault_Init                           0x0000325b   Thumb Code    36  cled.o(.text)
    Led_Wireless_Init                        0x0000327f   Thumb Code    36  cled.o(.text)
    Led_Silence_Init                         0x000032a3   Thumb Code    36  cled.o(.text)
    Led_Run_Init                             0x000032c7   Thumb Code    36  cled.o(.text)
    Led_Init                                 0x000032eb   Thumb Code    44  cled.o(.text)
    Led_Fire_On                              0x00003317   Thumb Code    14  cled.o(.text)
    Led_Fault_On                             0x00003325   Thumb Code    14  cled.o(.text)
    Led_Wireless_On                          0x00003333   Thumb Code    14  cled.o(.text)
    Led_Silence_On                           0x00003341   Thumb Code    14  cled.o(.text)
    Led_Run_On                               0x0000334f   Thumb Code    14  cled.o(.text)
    Led_On                                   0x0000335d   Thumb Code    24  cled.o(.text)
    Led_Off                                  0x00003375   Thumb Code    24  cled.o(.text)
    SetLocalAddr                             0x00003395   Thumb Code     6  cgrapparam.o(.text)
    AddLocalAddr                             0x0000339b   Thumb Code    12  cgrapparam.o(.text)
    SubLocalAddr                             0x000033a7   Thumb Code    12  cgrapparam.o(.text)
    GetLocalAddr                             0x000033b3   Thumb Code     8  cgrapparam.o(.text)
    AddLocalParaSel                          0x000033bb   Thumb Code    12  cgrapparam.o(.text)
    SetLocalParaSel                          0x000033c7   Thumb Code     6  cgrapparam.o(.text)
    GetLocalParaSel                          0x000033cd   Thumb Code     6  cgrapparam.o(.text)
    SetLocalDepSum                           0x000033d3   Thumb Code     6  cgrapparam.o(.text)
    AddLocalDepSum                           0x000033d9   Thumb Code    12  cgrapparam.o(.text)
    SubLocalDepSum                           0x000033e5   Thumb Code    12  cgrapparam.o(.text)
    GetLocalDepSum                           0x000033f1   Thumb Code     6  cgrapparam.o(.text)
    SetComRegFlag                            0x000033f7   Thumb Code     6  cgrapparam.o(.text)
    GetComRegFlag                            0x000033fd   Thumb Code     6  cgrapparam.o(.text)
    AddCompRegParaSel                        0x00003403   Thumb Code    12  cgrapparam.o(.text)
    SetCompRegParaSel                        0x0000340f   Thumb Code     6  cgrapparam.o(.text)
    GetCompRegParaSel                        0x00003415   Thumb Code     6  cgrapparam.o(.text)
    SetCompRegDep                            0x0000341b   Thumb Code     6  cgrapparam.o(.text)
    AddCompRegDep                            0x00003421   Thumb Code    12  cgrapparam.o(.text)
    SubCompRegDep                            0x0000342d   Thumb Code    12  cgrapparam.o(.text)
    GetCompRegDep                            0x00003439   Thumb Code     6  cgrapparam.o(.text)
    SetCompRegNum                            0x0000343f   Thumb Code     6  cgrapparam.o(.text)
    AddCompRegNum                            0x00003445   Thumb Code    12  cgrapparam.o(.text)
    SubCompRegNum                            0x00003451   Thumb Code    12  cgrapparam.o(.text)
    GetCompRegNum                            0x0000345d   Thumb Code     6  cgrapparam.o(.text)
    SetCompRegAddr                           0x00003463   Thumb Code     6  cgrapparam.o(.text)
    AddCompRegAddr                           0x00003469   Thumb Code    12  cgrapparam.o(.text)
    SubCompRegAddr                           0x00003475   Thumb Code    12  cgrapparam.o(.text)
    GetCompRegAddr                           0x00003481   Thumb Code     6  cgrapparam.o(.text)
    AddCompSetDep                            0x00003487   Thumb Code    12  cgrapparam.o(.text)
    SubCompSetDep                            0x00003493   Thumb Code    12  cgrapparam.o(.text)
    GetCompSetDep                            0x0000349f   Thumb Code     6  cgrapparam.o(.text)
    SetCompSetDep                            0x000034a5   Thumb Code     6  cgrapparam.o(.text)
    AddCompSetNum                            0x000034ab   Thumb Code    12  cgrapparam.o(.text)
    SubCompSetNum                            0x000034b7   Thumb Code    12  cgrapparam.o(.text)
    GetCompSetNum                            0x000034c3   Thumb Code     6  cgrapparam.o(.text)
    SetCompSetNum                            0x000034c9   Thumb Code     6  cgrapparam.o(.text)
    SetComSetSelSet                          0x000034cf   Thumb Code     6  cgrapparam.o(.text)
    AddComSetSelSet                          0x000034d5   Thumb Code    12  cgrapparam.o(.text)
    SubComSetSelSet                          0x000034e1   Thumb Code    12  cgrapparam.o(.text)
    GetComSetSelSet                          0x000034ed   Thumb Code     6  cgrapparam.o(.text)
    AddComSetSel                             0x000034f3   Thumb Code    12  cgrapparam.o(.text)
    SubComSetSel                             0x000034ff   Thumb Code    12  cgrapparam.o(.text)
    GetComSetSel                             0x0000350b   Thumb Code     6  cgrapparam.o(.text)
    SetComSetSel                             0x00003511   Thumb Code     6  cgrapparam.o(.text)
    SetYear                                  0x00003517   Thumb Code     6  cgrapparam.o(.text)
    AddYear                                  0x0000351d   Thumb Code    12  cgrapparam.o(.text)
    SubYear                                  0x00003529   Thumb Code    12  cgrapparam.o(.text)
    GetYear                                  0x00003535   Thumb Code    34  cgrapparam.o(.text)
    SetMonth                                 0x00003557   Thumb Code     6  cgrapparam.o(.text)
    AddMonth                                 0x0000355d   Thumb Code    12  cgrapparam.o(.text)
    SubMonth                                 0x00003569   Thumb Code    12  cgrapparam.o(.text)
    GetMonth                                 0x00003575   Thumb Code     6  cgrapparam.o(.text)
    AddDay                                   0x0000357b   Thumb Code    12  cgrapparam.o(.text)
    SubDay                                   0x00003587   Thumb Code    12  cgrapparam.o(.text)
    GetDay                                   0x00003593   Thumb Code     6  cgrapparam.o(.text)
    SetDay                                   0x00003599   Thumb Code     6  cgrapparam.o(.text)
    SetHour                                  0x0000359f   Thumb Code     6  cgrapparam.o(.text)
    AddHour                                  0x000035a5   Thumb Code    12  cgrapparam.o(.text)
    SubHour                                  0x000035b1   Thumb Code    12  cgrapparam.o(.text)
    GetHour                                  0x000035bd   Thumb Code     6  cgrapparam.o(.text)
    SetMintue                                0x000035c3   Thumb Code     6  cgrapparam.o(.text)
    AddMintue                                0x000035c9   Thumb Code    12  cgrapparam.o(.text)
    SubMintue                                0x000035d5   Thumb Code    12  cgrapparam.o(.text)
    GetMintue                                0x000035e1   Thumb Code     6  cgrapparam.o(.text)
    SetSecond                                0x000035e7   Thumb Code     6  cgrapparam.o(.text)
    AddSecond                                0x000035ed   Thumb Code    12  cgrapparam.o(.text)
    SubSecond                                0x000035f9   Thumb Code    12  cgrapparam.o(.text)
    GetSecond                                0x00003605   Thumb Code     6  cgrapparam.o(.text)
    SetSelTime                               0x0000360b   Thumb Code     6  cgrapparam.o(.text)
    AddSelTime                               0x00003611   Thumb Code    12  cgrapparam.o(.text)
    GetSelTime                               0x0000361d   Thumb Code     6  cgrapparam.o(.text)
    SetAnnDep                                0x00003623   Thumb Code     6  cgrapparam.o(.text)
    AddAnnDep                                0x00003629   Thumb Code    12  cgrapparam.o(.text)
    SubAnnDep                                0x00003635   Thumb Code    12  cgrapparam.o(.text)
    GetAnnDep                                0x00003641   Thumb Code     6  cgrapparam.o(.text)
    SetAnnCompNum                            0x00003647   Thumb Code     6  cgrapparam.o(.text)
    AddAnnCompNum                            0x0000364d   Thumb Code    12  cgrapparam.o(.text)
    SubAnnCompNum                            0x00003659   Thumb Code    12  cgrapparam.o(.text)
    GetAnnCompNum                            0x00003665   Thumb Code     6  cgrapparam.o(.text)
    SetAnnSel                                0x0000366b   Thumb Code     6  cgrapparam.o(.text)
    AddAnnSel                                0x00003671   Thumb Code    12  cgrapparam.o(.text)
    GetAnnSel                                0x0000367d   Thumb Code     6  cgrapparam.o(.text)
    AddSysCheckDep                           0x00003683   Thumb Code    12  cgrapparam.o(.text)
    SubSysCheckDep                           0x0000368f   Thumb Code    12  cgrapparam.o(.text)
    SetSysCheckDep                           0x0000369b   Thumb Code     6  cgrapparam.o(.text)
    GetSysCheckDep                           0x000036a1   Thumb Code     6  cgrapparam.o(.text)
    AddStatusDep                             0x000036a7   Thumb Code    12  cgrapparam.o(.text)
    SubStatusDep                             0x000036b3   Thumb Code    12  cgrapparam.o(.text)
    SetStatusDep                             0x000036bf   Thumb Code     6  cgrapparam.o(.text)
    GetStatusDep                             0x000036c5   Thumb Code     6  cgrapparam.o(.text)
    AddStatusComp                            0x000036cb   Thumb Code    12  cgrapparam.o(.text)
    SubStatusComp                            0x000036d7   Thumb Code    12  cgrapparam.o(.text)
    SetStatusComp                            0x000036e3   Thumb Code     6  cgrapparam.o(.text)
    GetStatusComp                            0x000036e9   Thumb Code     6  cgrapparam.o(.text)
    AddStatusFlag                            0x000036ef   Thumb Code    12  cgrapparam.o(.text)
    SetStatusFlag                            0x000036fb   Thumb Code     6  cgrapparam.o(.text)
    GetStatusFlag                            0x00003701   Thumb Code     6  cgrapparam.o(.text)
    AddIntenDep                              0x00003707   Thumb Code    12  cgrapparam.o(.text)
    SubIntenDep                              0x00003713   Thumb Code    12  cgrapparam.o(.text)
    SetIntenDep                              0x0000371f   Thumb Code     6  cgrapparam.o(.text)
    GetIntenDep                              0x00003725   Thumb Code     6  cgrapparam.o(.text)
    AddIntenComp                             0x0000372b   Thumb Code    12  cgrapparam.o(.text)
    SubIntenComp                             0x00003737   Thumb Code    12  cgrapparam.o(.text)
    SetIntenComp                             0x00003743   Thumb Code     6  cgrapparam.o(.text)
    GetIntenComp                             0x00003749   Thumb Code     6  cgrapparam.o(.text)
    AddIntenFlag                             0x0000374f   Thumb Code    12  cgrapparam.o(.text)
    SetIntenFlag                             0x0000375b   Thumb Code     6  cgrapparam.o(.text)
    GetIntenFlag                             0x00003761   Thumb Code     6  cgrapparam.o(.text)
    SetHistConter                            0x000037dd   Thumb Code     6  cflashparam.o(.text)
    GetHistConter                            0x000037e3   Thumb Code     6  cflashparam.o(.text)
    InitHistPara                             0x000037e9   Thumb Code    62  cflashparam.o(.text)
    SetHistFlag                              0x00003827   Thumb Code     6  cflashparam.o(.text)
    GetHistFlag                              0x0000382d   Thumb Code     6  cflashparam.o(.text)
    SetHistoryList                           0x00003833   Thumb Code    16  cflashparam.o(.text)
    ClrHistoryList                           0x00003843   Thumb Code    42  cflashparam.o(.text)
    GetHistoryList                           0x0000386d   Thumb Code    16  cflashparam.o(.text)
    AddPageConter                            0x0000387d   Thumb Code    12  cflashparam.o(.text)
    SetPageConter                            0x00003889   Thumb Code     6  cflashparam.o(.text)
    GetPageConter                            0x0000388f   Thumb Code     6  cflashparam.o(.text)
    SendHistToFlash                          0x00003895   Thumb Code    68  cflashparam.o(.text)
    GetHistory                               0x000038d9   Thumb Code    56  cflashparam.o(.text)
    AddHistConter                            0x00003911   Thumb Code    12  cflashparam.o(.text)
    HistConterInit                           0x0000391d   Thumb Code    62  cflashparam.o(.text)
    CSendPSN                                 0x0000395b   Thumb Code   204  cflashparam.o(.text)
    CheckDepComp                             0x00003a27   Thumb Code    52  cflashparam.o(.text)
    GetCompSum                               0x00003a5b   Thumb Code    44  cflashparam.o(.text)
    GetDepComp_Sum                           0x00003a87   Thumb Code    34  cflashparam.o(.text)
    CAmendPSNToFlash                         0x00003aa9   Thumb Code    62  cflashparam.o(.text)
    CSendPSNToFlash                          0x00003ae7   Thumb Code    68  cflashparam.o(.text)
    CGetPSNFromFlash                         0x00003b2b   Thumb Code    48  cflashparam.o(.text)
    CPSNToFlashInit                          0x00003b5b   Thumb Code    36  cflashparam.o(.text)
    GetPSNFormFlash                          0x00003b7f   Thumb Code    12  cflashparam.o(.text)
    GetDatatoFlashAddr                       0x00003b8b   Thumb Code    66  cflashparam.o(.text)
    GetNum                                   0x00003bcd   Thumb Code    72  cflashparam.o(.text)
    CAddCirCounter                           0x00003c15   Thumb Code    12  cflashparam.o(.text)
    CSetCirCounter                           0x00003c21   Thumb Code     6  cflashparam.o(.text)
    CGetCirCounter                           0x00003c27   Thumb Code     6  cflashparam.o(.text)
    GetRow                                   0x00003c2d   Thumb Code    50  cflashparam.o(.text)
    SaveDataToFlash                          0x00003c5f   Thumb Code    46  cflashparam.o(.text)
    JudgeAlarmType                           0x00003c8d   Thumb Code    40  cflashparam.o(.text)
    JudgeCompAlarmType                       0x00003cb5   Thumb Code    72  cflashparam.o(.text)
    SetDatatoFlash                           0x00003cfd   Thumb Code    18  cflashparam.o(.text)
    GetDatatoFlash                           0x00003d0f   Thumb Code    18  cflashparam.o(.text)
    ClrDatatoFlash                           0x00003d21   Thumb Code    44  cflashparam.o(.text)
    GetDatatoFlashType                       0x00003d4d   Thumb Code    18  cflashparam.o(.text)
    GetDatatoFlashAlarmType                  0x00003d5f   Thumb Code    18  cflashparam.o(.text)
    SetFlashData                             0x00003d71   Thumb Code     6  cflashparam.o(.text)
    SetDepCompSum                            0x00003d77   Thumb Code     6  cflashparam.o(.text)
    GetDepCompSum                            0x00003d7d   Thumb Code     8  cflashparam.o(.text)
    GetFlashPsn                              0x00003d85   Thumb Code    48  cflashparam.o(.text)
    ReadFlashPsn                             0x00003db5   Thumb Code    12  cflashparam.o(.text)
    SetCom0Ann                               0x00003dc1   Thumb Code    12  cflashparam.o(.text)
    SendToF_Init                             0x00003de9   Thumb Code    26  csendtoflash.o(.text)
    SendToArray                              0x00003e03   Thumb Code     6  csendtoflash.o(.text)
    SendDataToFlash                          0x00003e09   Thumb Code    44  csendtoflash.o(.text)
    GetSendToF                               0x00003e35   Thumb Code     8  csendtoflash.o(.text)
    CheckFalshData                           0x00003e3d   Thumb Code    32  csendtoflash.o(.text)
    FlashFault                               0x00003e5d   Thumb Code     2  csendtoflash.o(.text)
    SaveHistoryList                          0x00003e5f   Thumb Code   394  csendtoflash.o(.text)
    GetSumRegNum                             0x00003fed   Thumb Code    80  cgetcompsum.o(.text)
    GetRegNum                                0x0000403d   Thumb Code   140  cgetcompsum.o(.text)
    CSpeaker_Init                            0x000040c9   Thumb Code    14  cspeaker.o(.text)
    CSpeaker_Alarm                           0x000040d7   Thumb Code   118  cspeaker.o(.text)
    Breeze_Controll                          0x0000414d   Thumb Code    70  cspeaker.o(.text)
    EndInt                                   0x00004199   Thumb Code    34  cintstend.o(.text)
    StartInt                                 0x000041bb   Thumb Code    36  cintstend.o(.text)
    Hardware_init                            0x000041e9   Thumb Code   102  initialization.o(.text)
    Task_init                                0x0000424f   Thumb Code    56  initialization.o(.text)
    Alarm_Menu                               0x0000428d   Thumb Code  1822  alarmenu.o(.text)
    Battery_Low                              0x000049ad   Thumb Code  1724  batterylow.o(.text)
    Breakdown                                0x00005069   Thumb Code  1720  breakdown.o(.text)
    Check_Menu                               0x00005721   Thumb Code   432  checkmenu.o(.text)
    Main_Menu                                0x000058ed   Thumb Code   706  mainmenu.o(.text)
    Reset_OK                                 0x00005baf   Thumb Code    60  mainmenu.o(.text)
    His_Reset                                0x00005beb   Thumb Code   108  mainmenu.o(.text)
    Speaker_Open_Close                       0x00005c57   Thumb Code   228  mainmenu.o(.text)
    Waiting_menu                             0x00005d3b   Thumb Code   132  mainmenu.o(.text)
    Set_Menu                                 0x00005dcd   Thumb Code   698  setmenu.o(.text)
    CSaveInfo                                0x00006087   Thumb Code    60  setmenu.o(.text)
    Set_Menu1                                0x000060c3   Thumb Code    68  setmenu.o(.text)
    Start_Menu                               0x00006135   Thumb Code   654  startmenu.o(.text)
    Test_Menu                                0x000063d9   Thumb Code   294  testmenu.o(.text)
    Test_Menu1                               0x000064ff   Thumb Code   160  testmenu.o(.text)
    Local_Menu                               0x000065b5   Thumb Code   940  clocalset.o(.text)
    CompReg_menu                             0x00006981   Thumb Code  1324  ccompreg.o(.text)
    GNSelectBlack                            0x00006ead   Thumb Code   240  ccompset.o(.text)
    GNSelect                                 0x00006f9d   Thumb Code   240  ccompset.o(.text)
    CompSet_Menu                             0x0000708d   Thumb Code   744  ccompset.o(.text)
    DateMod_Menu                             0x00007375   Thumb Code  2686  cdatemod.o(.text)
    Annotate_Menu                            0x00007df9   Thumb Code   992  cannotate.o(.text)
    CompStat_Menu                            0x000081e9   Thumb Code  1746  ccompstat.o(.text)
    SysCheck_Menu                            0x000088bd   Thumb Code   744  csyscheck.o(.text)
    CompInten_Menu                           0x00008bbd   Thumb Code  1150  ccompinten.o(.text)
    CSetIntenFlag                            0x0000903b   Thumb Code     6  ccompinten.o(.text)
    CGetIntenFlag                            0x00009041   Thumb Code     6  ccompinten.o(.text)
    History_Menu                             0x0000904d   Thumb Code  2006  chistorylist.o(.text)
    TestSelf_Menu                            0x00009825   Thumb Code   108  ctestself.o(.text)
    CModFault                                0x0000989d   Thumb Code   156  cmodelfault.o(.text)
    SysReset_Menu                            0x00009949   Thumb Code    60  csysreset.o(.text)
    SetFirstAlarm_Flag                       0x0000998d   Thumb Code     6  ccomhandle.o(.text)
    SetDisplay_alarm_flag                    0x00009993   Thumb Code     6  ccomhandle.o(.text)
    GetDisplay_alarm_flag                    0x00009999   Thumb Code     6  ccomhandle.o(.text)
    Setdisplay_alarm                         0x0000999f   Thumb Code     6  ccomhandle.o(.text)
    Getdisplay_alarm                         0x000099a5   Thumb Code     8  ccomhandle.o(.text)
    Getalarmtime                             0x000099ad   Thumb Code    12  ccomhandle.o(.text)
    SetSum                                   0x000099b9   Thumb Code     6  ccomhandle.o(.text)
    GetSum                                   0x000099bf   Thumb Code     8  ccomhandle.o(.text)
    SetBJNum                                 0x000099c7   Thumb Code    14  ccomhandle.o(.text)
    GetBJNum                                 0x000099d5   Thumb Code    14  ccomhandle.o(.text)
    SetCheckInfoFlag                         0x000099e3   Thumb Code     6  ccomhandle.o(.text)
    GetCheckInfoFlag                         0x000099e9   Thumb Code     8  ccomhandle.o(.text)
    SetConvertdata                           0x000099f1   Thumb Code     6  ccomhandle.o(.text)
    GetConvertdata                           0x000099f7   Thumb Code     8  ccomhandle.o(.text)
    UartCom                                  0x000099ff   Thumb Code   104  ccomhandle.o(.text)
    UartCheck                                0x00009a67   Thumb Code   110  ccomhandle.o(.text)
    CompareAddr                              0x00009ad5   Thumb Code    90  ccomhandle.o(.text)
    CSaveDatatoFlash                         0x00009b2f   Thumb Code   516  ccomhandle.o(.text)
    UartComHandle                            0x00009d33   Thumb Code  2934  ccomhandle.o(.text)
    GetHeart                                 0x0000a8b9   Thumb Code     8  ccompara.o(.text)
    ReadHeart                                0x0000a8c1   Thumb Code    46  ccompara.o(.text)
    ReadCom0Data                             0x0000a8ef   Thumb Code    46  ccompara.o(.text)
    ReadCom1Data                             0x0000a91d   Thumb Code    78  ccompara.o(.text)
    ClrComData                               0x0000a96b   Thumb Code    44  ccompara.o(.text)
    GetComData                               0x0000a997   Thumb Code    12  ccompara.o(.text)
    AddBattLowSum                            0x0000a9a3   Thumb Code    12  ccompara.o(.text)
    GetBattLowSum                            0x0000a9af   Thumb Code     6  ccompara.o(.text)
    AddBrokenSum                             0x0000a9b5   Thumb Code    12  ccompara.o(.text)
    GetBrokenSum                             0x0000a9c1   Thumb Code     6  ccompara.o(.text)
    AddAlarmSum                              0x0000a9c7   Thumb Code    12  ccompara.o(.text)
    GetAlarmSum                              0x0000a9d3   Thumb Code     6  ccompara.o(.text)
    MergeData                                0x0000a9d9   Thumb Code    88  ccompara.o(.text)
    Com0DataUnzip                            0x0000aa31   Thumb Code   284  ccompara.o(.text)
    Com0Handle                               0x0000ab4d   Thumb Code    12  ccompara.o(.text)
    AddHeartFaultFlag                        0x0000ab59   Thumb Code    12  ccompara.o(.text)
    SetHeartFaultFlag                        0x0000ab65   Thumb Code     6  ccompara.o(.text)
    GetHeartFaultFlag                        0x0000ab6b   Thumb Code     6  ccompara.o(.text)
    SetAlarmFlag                             0x0000ab71   Thumb Code     6  ccompara.o(.text)
    GetAlarmFlag                             0x0000ab77   Thumb Code     8  ccompara.o(.text)
    SetFirstAlarm_Addr                       0x0000ab7f   Thumb Code     6  ccompara.o(.text)
    GetFirstAlarm_Addr                       0x0000ab85   Thumb Code     8  ccompara.o(.text)
    AlarmInfoInit                            0x0000ab8d   Thumb Code    44  ccompara.o(.text)
    GetAlarmInfo                             0x0000abb9   Thumb Code    18  ccompara.o(.text)
    SetAlarmInfo                             0x0000abcb   Thumb Code    18  ccompara.o(.text)
    AddAlarmInfoFlag                         0x0000abdd   Thumb Code    12  ccompara.o(.text)
    SubAlarmInfoFlag                         0x0000abe9   Thumb Code    12  ccompara.o(.text)
    SetAlarmInfoFlag                         0x0000abf5   Thumb Code     6  ccompara.o(.text)
    GetAlarmInfoFlag                         0x0000abfb   Thumb Code     6  ccompara.o(.text)
    CSetAlarmFlag                            0x0000ac01   Thumb Code     6  ccompara.o(.text)
    CGetAlarmFlag                            0x0000ac07   Thumb Code     8  ccompara.o(.text)
    SetReleaseFlag                           0x0000ac0f   Thumb Code     6  ccompara.o(.text)
    GetReleaseFlag                           0x0000ac15   Thumb Code     6  ccompara.o(.text)
    SetFlag_195                              0x0000ac1b   Thumb Code     6  ccompara.o(.text)
    GetFlag_195                              0x0000ac21   Thumb Code     6  ccompara.o(.text)
    SetCirAddrCurrent                        0x0000ac27   Thumb Code     6  ccompara.o(.text)
    GetCirAddrCurrent                        0x0000ac2d   Thumb Code     6  ccompara.o(.text)
    CompareCirAddr                           0x0000ac33   Thumb Code    62  ccompara.o(.text)
    ClrCirAlarmData                          0x0000ac71   Thumb Code   136  ccompara.o(.text)
    SetCirAlarmData                          0x0000acf9   Thumb Code     6  ccompara.o(.text)
    GetCirAlarmData                          0x0000acff   Thumb Code     8  ccompara.o(.text)
    CirAlarmDataInit                         0x0000ad07   Thumb Code    20  ccompara.o(.text)
    SetFlagLed                               0x0000ad1b   Thumb Code     6  ccompara.o(.text)
    GetFlagLed                               0x0000ad21   Thumb Code     6  ccompara.o(.text)
    SetAlarm_Circuit_Flag                    0x0000ad31   Thumb Code     6  caddresscount.o(.text)
    AddCirCounter                            0x0000ad37   Thumb Code    12  caddresscount.o(.text)
    GetCirCounter                            0x0000ad43   Thumb Code     6  caddresscount.o(.text)
    Compare_Address                          0x0000ad49   Thumb Code    58  caddresscount.o(.text)
    Sel_Addr_fire                            0x0000ad83   Thumb Code    60  caddresscount.o(.text)
    Check_Addr                               0x0000adbf   Thumb Code   138  caddresscount.o(.text)
    CirAddrCounter                           0x0000ae49   Thumb Code   222  caddresscount.o(.text)
    Reset_Alarm                              0x0000af27   Thumb Code   102  caddresscount.o(.text)
    Clr_Alarm                                0x0000af8d   Thumb Code   192  caddresscount.o(.text)
    CirSendAlarmInfo                         0x0000b04d   Thumb Code    28  caddresscount.o(.text)
    CirSendFireInfo                          0x0000b069   Thumb Code   114  caddresscount.o(.text)
    SaveData195                              0x0000b0fd   Thumb Code     6  csendto195.o(.text)
    GetData195                               0x0000b103   Thumb Code     8  csendto195.o(.text)
    Uart0Com                                 0x0000b10b   Thumb Code   120  csendto195.o(.text)
    CS0Setup                                 0x0000b189   Thumb Code    42  runfunction.o(.text)
    SendHeart                                0x0000b1b3   Thumb Code   366  runfunction.o(.text)
    Systemp_Task                             0x0000b321   Thumb Code    76  runfunction.o(.text)
    DisplayKeyMenu                           0x0000b36d   Thumb Code   684  runfunction.o(.text)
    Run_Task                                 0x0000b619   Thumb Code    24  runfunction.o(.text)
    CSaveHist                                0x0000b631   Thumb Code    66  runfunction.o(.text)
    BreezeAlarm                              0x0000b673   Thumb Code    52  runfunction.o(.text)
    HF195                                    0x0000b6a7   Thumb Code   118  runfunction.o(.text)
    DisplayAlarmInfo                         0x0000b71d   Thumb Code   598  runfunction.o(.text)
    Back_Task                                0x0000b981   Thumb Code   610  tasklist.o(.text)
    Up_Task                                  0x0000bbe3   Thumb Code    70  tasklist.o(.text)
    Down_Task                                0x0000bc29   Thumb Code    78  tasklist.o(.text)
    Sure_Task                                0x0000bc77   Thumb Code   164  tasklist.o(.text)
    Return_Task                              0x0000bd1b   Thumb Code   148  tasklist.o(.text)
    Silence_Task                             0x0000bdaf   Thumb Code    14  tasklist.o(.text)
    SetZjFlag                                0x0000bdc1   Thumb Code     6  ctasksure.o(.text)
    GetZjFlag                                0x0000bdc7   Thumb Code     6  ctasksure.o(.text)
    SetAnnUartFlag                           0x0000bdcd   Thumb Code     6  ctasksure.o(.text)
    GetAnnUartFlag                           0x0000bdd3   Thumb Code     6  ctasksure.o(.text)
    MaskPSNInit                              0x0000bdd9   Thumb Code    28  ctasksure.o(.text)
    GetMaskPSN                               0x0000bdf5   Thumb Code    28  ctasksure.o(.text)
    SaveMaskPSN                              0x0000be11   Thumb Code    36  ctasksure.o(.text)
    CGetMaskPSN                              0x0000be35   Thumb Code     8  ctasksure.o(.text)
    CLevel27_Sure                            0x0000be3d   Thumb Code    50  ctasksure.o(.text)
    CLevel1_Sure                             0x0000be6f   Thumb Code   544  ctasksure.o(.text)
    CLevel21_Sure                            0x0000c08f   Thumb Code   624  ctasksure.o(.text)
    CLevel22_Sure                            0x0000c2ff   Thumb Code   402  ctasksure.o(.text)
    CLevel23_Sure                            0x0000c491   Thumb Code   122  ctasksure.o(.text)
    SetSpeaker_Counter                       0x0000c50b   Thumb Code     6  ctasksure.o(.text)
    GetSpeaker_Counter                       0x0000c511   Thumb Code     6  ctasksure.o(.text)
    CLevel3_Sure                             0x0000c517   Thumb Code  1454  ctasksure.o(.text)
    CLevel4_Sure                             0x0000cac5   Thumb Code    32  ctasksure.o(.text)
    GetMainGrap                              0x0000caf9   Thumb Code   124  cgetgrap.o(.text)
    GetSetGrap                               0x0000cb75   Thumb Code   110  cgetgrap.o(.text)
    GetCheckGrap                             0x0000cbe3   Thumb Code    66  cgetgrap.o(.text)
    GetTestGrap                              0x0000cc25   Thumb Code    48  cgetgrap.o(.text)
    CLevel1_Return                           0x0000cc59   Thumb Code   178  ctaskreturn.o(.text)
    CLevel21_Return                          0x0000cd0b   Thumb Code   132  ctaskreturn.o(.text)
    CLevel22_Return                          0x0000cd8f   Thumb Code    82  ctaskreturn.o(.text)
    CLevel23_Return                          0x0000cde1   Thumb Code   138  ctaskreturn.o(.text)
    CLevel3_Return                           0x0000ce6b   Thumb Code    44  ctaskreturn.o(.text)
    CLevel4_Return                           0x0000ce97   Thumb Code     2  ctaskreturn.o(.text)
    SetCounter1                              0x0000cea9   Thumb Code     6  ckeycounter.o(.text)
    AddCounter1                              0x0000ceaf   Thumb Code    12  ckeycounter.o(.text)
    SubCounter1                              0x0000cebb   Thumb Code    12  ckeycounter.o(.text)
    GetCounter1                              0x0000cec7   Thumb Code     6  ckeycounter.o(.text)
    SetCounter2                              0x0000cecd   Thumb Code     6  ckeycounter.o(.text)
    AddCounter2                              0x0000ced3   Thumb Code    12  ckeycounter.o(.text)
    SubCounter2                              0x0000cedf   Thumb Code    12  ckeycounter.o(.text)
    GetCounter2                              0x0000ceeb   Thumb Code     6  ckeycounter.o(.text)
    SetCounter3                              0x0000cef1   Thumb Code     6  ckeycounter.o(.text)
    AddCounter3                              0x0000cef7   Thumb Code    12  ckeycounter.o(.text)
    SubCounter3                              0x0000cf03   Thumb Code    12  ckeycounter.o(.text)
    GetCounter3                              0x0000cf0f   Thumb Code     6  ckeycounter.o(.text)
    SetGrapCount                             0x0000cf15   Thumb Code     6  ckeycounter.o(.text)
    AddGrapCount                             0x0000cf1b   Thumb Code    12  ckeycounter.o(.text)
    SubGrapCount                             0x0000cf27   Thumb Code    12  ckeycounter.o(.text)
    ClrGrapCount                             0x0000cf33   Thumb Code     8  ckeycounter.o(.text)
    GetGrapCount                             0x0000cf3b   Thumb Code     6  ckeycounter.o(.text)
    AddMenuFlag                              0x0000cf41   Thumb Code    12  ckeycounter.o(.text)
    SubMenuFlag                              0x0000cf4d   Thumb Code    12  ckeycounter.o(.text)
    GetMenuFlag                              0x0000cf59   Thumb Code     6  ckeycounter.o(.text)
    SetMenuFlag                              0x0000cf5f   Thumb Code     6  ckeycounter.o(.text)
    SetPasswordFlag                          0x0000cf65   Thumb Code     6  ckeycounter.o(.text)
    GetPasswordFlag                          0x0000cf6b   Thumb Code     6  ckeycounter.o(.text)
    ClrHisCountDown                          0x0000cf81   Thumb Code     8  ctaskdown.o(.text)
    ClrHistCount                             0x0000cf89   Thumb Code     8  ctaskdown.o(.text)
    Level2_Down                              0x0000cf91   Thumb Code   132  ctaskdown.o(.text)
    Level33_Down                             0x0000d015   Thumb Code    94  ctaskdown.o(.text)
    Level32_Down                             0x0000d073   Thumb Code   820  ctaskdown.o(.text)
    Level31_Down                             0x0000d3a7   Thumb Code   882  ctaskdown.o(.text)
    Level3_Down                              0x0000d719   Thumb Code    50  ctaskdown.o(.text)
    Level4_Down                              0x0000d74b   Thumb Code    42  ctaskdown.o(.text)
    Level2_Up                                0x0000d775   Thumb Code   138  ctaskup.o(.text)
    Level33_Up                               0x0000d7ff   Thumb Code   138  ctaskup.o(.text)
    Level32_Up                               0x0000d889   Thumb Code   236  ctaskup.o(.text)
    Level31_Up                               0x0000d975   Thumb Code   858  ctaskup.o(.text)
    Level3_Up                                0x0000dccf   Thumb Code    44  ctaskup.o(.text)
    Level4_Up                                0x0000dcfb   Thumb Code    38  ctaskup.o(.text)
    __aeabi_memcpy4                          0x0000dd25   Thumb Code     0  rt_memcpy_w.o(.text)
    __aeabi_memcpy8                          0x0000dd25   Thumb Code     0  rt_memcpy_w.o(.text)
    __rt_memcpy_w                            0x0000dd25   Thumb Code   100  rt_memcpy_w.o(.text)
    _memcpy_lastbytes_aligned                0x0000dd6d   Thumb Code     0  rt_memcpy_w.o(.text)
    __user_setup_stackheap                   0x0000dd89   Thumb Code    74  sys_stackheap_outer.o(.text)
    _sys_exit                                0x0000ddd5   Thumb Code     8  sys_exit.o(.text)
    __I$use$semihosting                      0x0000dde1   Thumb Code     0  use_no_semi.o(.text)
    __use_no_semihosting_swi                 0x0000dde1   Thumb Code     2  use_no_semi.o(.text)
    __semihosting_library_function           0x0000dde3   Thumb Code     0  indicate_semi.o(.text)
    _fp_init                                 0x0000dde3   Thumb Code    14  fpinit.o(x$fpl$fpinit)
    __fplib_config_pureend_doubles           0x0000ddef   Thumb Code     0  fpinit.o(x$fpl$fpinit)
    GB2312Hzk                                0x0000ddf0   Data          64  lcd.o(.constdata)
    acASC8x16                                0x0000de30   Data        3104  lcd.o(.constdata)
    acHZK16F                                 0x0000ea50   Data       262176  lcd.o(.constdata)
    Region$$Table$$Base                      0x0004eab4   Number         0  anon$$obj.o(Region$$Table)
    Region$$Table$$Limit                     0x0004ead4   Number         0  anon$$obj.o(Region$$Table)
    SystemFrequency                          0x10000000   Data           4  system_lpc17xx.o(.data)
    msTicks                                  0x10000004   Data           4  delay.o(.data)
    I2C_sla                                  0x10000008   Data           1  i2c.o(.data)
    I2C_suba                                 0x1000000c   Data           4  i2c.o(.data)
    I2C_suba_num                             0x10000010   Data           1  i2c.o(.data)
    I2C_buf                                  0x10000014   Data           4  i2c.o(.data)
    I2C_num                                  0x10000018   Data           4  i2c.o(.data)
    I2C_end                                  0x1000001c   Data           1  i2c.o(.data)
    I2C_suba_en                              0x1000001d   Data           1  i2c.o(.data)
    tp                                       0x1000001e   Data           1  uart.o(.data)
    tp1                                      0x1000001f   Data           1  uart.o(.data)
    tp2                                      0x10000020   Data           1  uart.o(.data)
    vAnnCounter                              0x10000021   Data           1  uart.o(.data)
    tp3                                      0x10000022   Data           2  uart.o(.data)
    tp4                                      0x10000024   Data           2  uart.o(.data)
    Save_Ann_flag                            0x10000026   Data           1  uart.o(.data)
    hanzi                                    0x10000028   Data           2  uart.o(.data)
    Extint1_flag                             0x1000002c   Data           1  extint.o(.data)
    Extint3_flag                             0x1000002d   Data           1  extint.o(.data)
    vExt3Ctrl                                0x10000030   Data           4  extint.o(.data)
    vTimeTickCounter                         0x10000034   Data           1  ctime.o(.data)
    vHeartTick                               0x10000038   Data           4  ctime.o(.data)
    vSpeakerTick                             0x1000003c   Data           2  ctime.o(.data)
    vLedFlag                                 0x10000040   Data           4  ctime.o(.data)
    vPWMFlag                                 0x10000044   Data           4  ctime.o(.data)
    vScreenMaskFlag                          0x10000048   Data           4  ctime.o(.data)
    vCurTime0Def                             0x1000004c   Data           4  ctimedef.o(.data)
    vTimer0Counter                           0x10000050   Data           4  ctimedef.o(.data)
    match_counter0                           0x10000064   Data           4  pwm.o(.data)
    match_counter1                           0x10000068   Data           4  pwm.o(.data)
    shu                                      0x1000006c   Data         288  lcd.o(.data)
    Hzk1                                     0x1000018c   Data         880  lcd.o(.data)
    TimeAndDate                              0x100004fc   Data           8  pcf8563.o(.data)
    vBackValue                               0x10000504   Data           1  key.o(.data)
    vKeyValue                                0x10000508   Data           4  key.o(.data)
    vLocalAddress                            0x1000050c   Data           3  cgrapparam.o(.data)
    vLocalDepSum                             0x1000050f   Data           1  cgrapparam.o(.data)
    vLocalParaSel                            0x10000510   Data           1  cgrapparam.o(.data)
    vComRegFlag                              0x10000511   Data           1  cgrapparam.o(.data)
    vCompRegDep                              0x10000512   Data           2  cgrapparam.o(.data)
    vCompRegNum                              0x10000514   Data           2  cgrapparam.o(.data)
    vCompRegAddr                             0x10000516   Data           1  cgrapparam.o(.data)
    vCompRegParaSel                          0x10000517   Data           1  cgrapparam.o(.data)
    vCompSetDep                              0x10000518   Data           2  cgrapparam.o(.data)
    vCompSetNum                              0x1000051a   Data           2  cgrapparam.o(.data)
    vComSetSelSet                            0x1000051c   Data           1  cgrapparam.o(.data)
    vComSetSel                               0x1000051d   Data           1  cgrapparam.o(.data)
    vYear                                    0x1000051e   Data           2  cgrapparam.o(.data)
    vMonth                                   0x10000520   Data           2  cgrapparam.o(.data)
    vDay                                     0x10000522   Data           2  cgrapparam.o(.data)
    vHour                                    0x10000524   Data           2  cgrapparam.o(.data)
    vMintue                                  0x10000526   Data           2  cgrapparam.o(.data)
    vSecond                                  0x10000528   Data           2  cgrapparam.o(.data)
    vSelTime                                 0x1000052a   Data           1  cgrapparam.o(.data)
    vAnnDep                                  0x1000052c   Data           2  cgrapparam.o(.data)
    vAnnCompNum                              0x1000052e   Data           2  cgrapparam.o(.data)
    vAnnSel                                  0x10000530   Data           1  cgrapparam.o(.data)
    vSysCheckDep                             0x10000531   Data           1  cgrapparam.o(.data)
    vStatusDep                               0x10000532   Data           1  cgrapparam.o(.data)
    vStatusComp                              0x10000533   Data           1  cgrapparam.o(.data)
    vStatusFlag                              0x10000534   Data           1  cgrapparam.o(.data)
    vIntenDep                                0x10000535   Data           1  cgrapparam.o(.data)
    vIntenComp                               0x10000536   Data           1  cgrapparam.o(.data)
    vIntenFlag                               0x10000537   Data           1  cgrapparam.o(.data)
    vCirCounter                              0x10000538   Data           1  cflashparam.o(.data)
    vHisCounter                              0x1000053a   Data           2  cflashparam.o(.data)
    vHistFlag                                0x1000053c   Data           1  cflashparam.o(.data)
    vPageCounter                             0x1000053d   Data           1  cflashparam.o(.data)
    vInten_Flag                              0x1000053e   Data           1  ccompinten.o(.data)
    Convertdata                              0x10000540   Data           6  ccomhandle.o(.data)
    Flag195                                  0x10000546   Data           1  ccomhandle.o(.data)
    FirstAlarm_Flag                          0x10000547   Data           1  ccomhandle.o(.data)
    AlarmSum                                 0x10000548   Data           3  ccomhandle.o(.data)
    CheckInfoFlag                            0x1000054b   Data           3  ccomhandle.o(.data)
    com1Count                                0x1000054e   Data           1  ccomhandle.o(.data)
    reset_fault_flag                         0x1000054f   Data           1  ccomhandle.o(.data)
    reset_batt_flag                          0x10000550   Data           1  ccomhandle.o(.data)
    Address_Counter                          0x10000551   Data           1  ccomhandle.o(.data)
    vdisplay_alarm                           0x10000552   Data           5  ccomhandle.o(.data)
    vDispaly_alarm_flag                      0x10000557   Data           1  ccomhandle.o(.data)
    UartClrflag                              0x10000558   Data           1  ccomhandle.o(.data)
    UartClrLen                               0x10000559   Data           1  ccomhandle.o(.data)
    DefAddrEn                                0x1000055a   Data           1  ccomhandle.o(.data)
    UartSendLen                              0x1000055b   Data           1  ccomhandle.o(.data)
    pTxbuf                                   0x1000055c   Data           4  ccomhandle.o(.data)
    MasterAddr                               0x10000560   Data           1  ccomhandle.o(.data)
    valarmtime                               0x10000562   Data           8  ccomhandle.o(.data)
    pdUartSend                               0x1000056c   Data           4  ccomhandle.o(.data)
    pdUartRcv                                0x10000570   Data           4  ccomhandle.o(.data)
    FlashInfo                                0x10000574   Data           2  ccomhandle.o(.data)
    dataHeart                                0x10000578   Data           2  ccompara.o(.data)
    dataCount                                0x1000057a   Data           1  ccompara.o(.data)
    temp                                     0x1000057b   Data           1  ccompara.o(.data)
    vBattLowSum                              0x1000057c   Data           4  ccompara.o(.data)
    vBrokenSum                               0x10000580   Data           4  ccompara.o(.data)
    vAlarmSum                                0x10000584   Data           4  ccompara.o(.data)
    vCom0Count                               0x10000588   Data           1  ccompara.o(.data)
    vHeartFaultFlag                          0x10000589   Data           1  ccompara.o(.data)
    vAlarmFlag                               0x1000058a   Data           2  ccompara.o(.data)
    FirstAlarm_Addr                          0x1000058c   Data           2  ccompara.o(.data)
    vAlarmInfoFlag                           0x1000058e   Data           1  ccompara.o(.data)
    AlarmFlag                                0x1000058f   Data           4  ccompara.o(.data)
    vReleaseFlag                             0x10000593   Data           1  ccompara.o(.data)
    vFlag_195                                0x10000594   Data           1  ccompara.o(.data)
    vCirAddrCurrent                          0x10000595   Data           1  ccompara.o(.data)
    vFlagLed                                 0x10000596   Data           1  ccompara.o(.data)
    syn_flag                                 0x10000597   Data           1  caddresscount.o(.data)
    circuit_counter                          0x10000598   Data           1  caddresscount.o(.data)
    fireflag                                 0x10000599   Data           2  caddresscount.o(.data)
    alarm_circuit_flag                       0x1000059b   Data           1  caddresscount.o(.data)
    vCounterLed                              0x1000059c   Data           1  runfunction.o(.data)
    HeartTaskFlag                            0x1000059d   Data           1  runfunction.o(.data)
    csflag                                   0x1000059e   Data           1  runfunction.o(.data)
    faultTick                                0x100005a0   Data           4  runfunction.o(.data)
    TickCounter                              0x100005a4   Data           1  runfunction.o(.data)
    ShuaFlag                                 0x100005a5   Data           1  runfunction.o(.data)
    vHeartLostFlag                           0x100005a6   Data           1  runfunction.o(.data)
    vMaskScreen                              0x100005a7   Data           1  runfunction.o(.data)
    alarm_display_counter                    0x100005a8   Data           1  runfunction.o(.data)
    vMaskCount                               0x100005aa   Data           1  ctasksure.o(.data)
    vmaskflag                                0x100005ab   Data           1  ctasksure.o(.data)
    vAnnUartFlag                             0x100005ac   Data           1  ctasksure.o(.data)
    vZjFlag                                  0x100005ad   Data           1  ctasksure.o(.data)
    vSpeaker_Counter                         0x100005ae   Data           1  ctasksure.o(.data)
    timedate                                 0x100005b0   Data           8  ctasksure.o(.data)
    vCounter                                 0x100005b8   Data           3  ckeycounter.o(.data)
    vGrapCounter                             0x100005bb   Data           1  ckeycounter.o(.data)
    vSelMenu_flag                            0x100005bc   Data           1  ckeycounter.o(.data)
    vPasswordFlag                            0x100005bd   Data           1  ckeycounter.o(.data)
    vHisCountDown                            0x100005c0   Data           4  ctaskdown.o(.data)
    vHistCount                               0x100005c4   Data           4  ctaskdown.o(.data)
    data0                                    0x100005c8   Data           9  uart.o(.bss)
    data2                                    0x100005d1   Data        5500  uart.o(.bss)
    data3                                    0x10001b4d   Data          12  uart.o(.bss)
    testann                                  0x10001b59   Data        2000  uart.o(.bss)
    testann1                                 0x10002329   Data          10  uart.o(.bss)
    vKeyCounter                              0x10002334   Data          24  key.o(.bss)
    vGetDatatoFlash                          0x1000234c   Data        1300  cflashparam.o(.bss)
    vGetDepNum                               0x10002860   Data          50  cflashparam.o(.bss)
    vReadFlashData                           0x10002892   Data          16  cflashparam.o(.bss)
    vGetPsn                                  0x100028a2   Data         800  cflashparam.o(.bss)
    vSendPSNToFlash                          0x10002bc2   Data         800  cflashparam.o(.bss)
    vHisList                                 0x10002ee2   Data       12000  cflashparam.o(.bss)
    FlashData                                0x10005dc2   Data         750  cflashparam.o(.bss)
    vGetCom0Ann                              0x100060b0   Data        1600  cflashparam.o(.bss)
    SendToF                                  0x100066f0   Data         100  csendtoflash.o(.bss)
    BJNum                                    0x10006754   Data         150  ccomhandle.o(.bss)
    UartRxbuf                                0x100067ea   Data           9  ccomhandle.o(.bss)
    UartTxbuf                                0x100067f3   Data           9  ccomhandle.o(.bss)
    Rxdata                                   0x100067fc   Data           9  ccomhandle.o(.bss)
    data                                     0x10006805   Data         180  ccompara.o(.bss)
    data1                                    0x100068b9   Data          10  ccompara.o(.bss)
    vCom0Data                                0x100068c3   Data          20  ccompara.o(.bss)
    vCirAlarmData                            0x100068d7   Data         100  ccompara.o(.bss)
    AlarmInfo                                0x1000693b   Data         260  ccompara.o(.bss)
    Reset_Flag                               0x10006a3f   Data          50  caddresscount.o(.bss)
    Reset_Flag1                              0x10006a71   Data          50  caddresscount.o(.bss)
    Reset_Counter                            0x10006aa3   Data          50  caddresscount.o(.bss)
    Send195                                  0x10006ad5   Data          15  csendto195.o(.bss)
    vMaskPSN                                 0x10006ae4   Data         100  ctasksure.o(.bss)
    __libspace_start                         0x10006b48   Data          96  libspace.o(.bss)
    __temporary_stack_top$libspace           0x10006ba8   Data           0  libspace.o(.bss)



==============================================================================

Memory Map of the image

  Image Entry point : 0x000000cd

  Load Region LR_IROM1 (Base: 0x00000000, Size: 0x0004f09c, Max: 0x00080000, ABSOLUTE, COMPRESSED[0x0004ed98])

    Execution Region ER_IROM1 (Base: 0x00000000, Size: 0x0004ead4, Max: 0x00080000, ABSOLUTE)

    Base Addr    Size         Type   Attr      Idx    E Section Name        Object

    0x00000000   0x000000cc   Data   RO            3    RESET               startup_lpc17xx.o
    0x000000cc   0x00000008   Code   RO         1100  * !!!main             c_w.l(__main.o)
    0x000000d4   0x00000034   Code   RO         1261    !!!scatter          c_w.l(__scatter.o)
    0x00000108   0x0000005a   Code   RO         1259    !!dczerorl2         c_w.l(__dczerorl2.o)
    0x00000162   0x00000002   PAD
    0x00000164   0x0000001c   Code   RO         1263    !!handler_zi        c_w.l(__scatter_zi.o)
    0x00000180   0x00000006   Code   RO         1129    .ARM.Collect$$libinit$$00000000  c_w.l(libinit.o)
    0x00000186   0x00000000   Code   RO         1137    .ARM.Collect$$libinit$$00000006  c_w.l(libinit2.o)
    0x00000186   0x00000000   Code   RO         1139    .ARM.Collect$$libinit$$00000008  c_w.l(libinit2.o)
    0x00000186   0x00000000   Code   RO         1141    .ARM.Collect$$libinit$$0000000A  c_w.l(libinit2.o)
    0x00000186   0x00000000   Code   RO         1144    .ARM.Collect$$libinit$$0000000D  c_w.l(libinit2.o)
    0x00000186   0x00000000   Code   RO         1146    .ARM.Collect$$libinit$$0000000F  c_w.l(libinit2.o)
    0x00000186   0x00000000   Code   RO         1148    .ARM.Collect$$libinit$$00000011  c_w.l(libinit2.o)
    0x00000186   0x00000000   Code   RO         1150    .ARM.Collect$$libinit$$00000013  c_w.l(libinit2.o)
    0x00000186   0x00000000   Code   RO         1152    .ARM.Collect$$libinit$$00000015  c_w.l(libinit2.o)
    0x00000186   0x00000000   Code   RO         1154    .ARM.Collect$$libinit$$00000017  c_w.l(libinit2.o)
    0x00000186   0x00000000   Code   RO         1156    .ARM.Collect$$libinit$$00000019  c_w.l(libinit2.o)
    0x00000186   0x00000000   Code   RO         1158    .ARM.Collect$$libinit$$0000001B  c_w.l(libinit2.o)
    0x00000186   0x00000000   Code   RO         1160    .ARM.Collect$$libinit$$0000001D  c_w.l(libinit2.o)
    0x00000186   0x00000000   Code   RO         1162    .ARM.Collect$$libinit$$0000001F  c_w.l(libinit2.o)
    0x00000186   0x00000000   Code   RO         1164    .ARM.Collect$$libinit$$00000021  c_w.l(libinit2.o)
    0x00000186   0x00000000   Code   RO         1168    .ARM.Collect$$libinit$$00000028  c_w.l(libinit2.o)
    0x00000186   0x00000000   Code   RO         1170    .ARM.Collect$$libinit$$0000002A  c_w.l(libinit2.o)
    0x00000186   0x00000000   Code   RO         1172    .ARM.Collect$$libinit$$0000002C  c_w.l(libinit2.o)
    0x00000186   0x00000000   Code   RO         1174    .ARM.Collect$$libinit$$0000002E  c_w.l(libinit2.o)
    0x00000186   0x00000002   Code   RO         1175    .ARM.Collect$$libinit$$0000002F  c_w.l(libinit2.o)
    0x00000188   0x00000002   Code   RO         1200    .ARM.Collect$$libshutdown$$00000000  c_w.l(libshutdown.o)
    0x0000018a   0x00000000   Code   RO         1214    .ARM.Collect$$libshutdown$$00000003  c_w.l(libshutdown2.o)
    0x0000018a   0x00000000   Code   RO         1217    .ARM.Collect$$libshutdown$$00000006  c_w.l(libshutdown2.o)
    0x0000018a   0x00000000   Code   RO         1220    .ARM.Collect$$libshutdown$$00000009  c_w.l(libshutdown2.o)
    0x0000018a   0x00000000   Code   RO         1222    .ARM.Collect$$libshutdown$$0000000B  c_w.l(libshutdown2.o)
    0x0000018a   0x00000000   Code   RO         1225    .ARM.Collect$$libshutdown$$0000000E  c_w.l(libshutdown2.o)
    0x0000018a   0x00000002   Code   RO         1226    .ARM.Collect$$libshutdown$$0000000F  c_w.l(libshutdown2.o)
    0x0000018c   0x00000000   Code   RO         1102    .ARM.Collect$$rtentry$$00000000  c_w.l(rtentry.o)
    0x0000018c   0x00000000   Code   RO         1106    .ARM.Collect$$rtentry$$00000002  c_w.l(rtentry2.o)
    0x0000018c   0x00000006   Code   RO         1118    .ARM.Collect$$rtentry$$00000004  c_w.l(rtentry4.o)
    0x00000192   0x00000000   Code   RO         1108    .ARM.Collect$$rtentry$$00000009  c_w.l(rtentry2.o)
    0x00000192   0x00000004   Code   RO         1109    .ARM.Collect$$rtentry$$0000000A  c_w.l(rtentry2.o)
    0x00000196   0x00000000   Code   RO         1111    .ARM.Collect$$rtentry$$0000000C  c_w.l(rtentry2.o)
    0x00000196   0x00000008   Code   RO         1112    .ARM.Collect$$rtentry$$0000000D  c_w.l(rtentry2.o)
    0x0000019e   0x00000002   Code   RO         1133    .ARM.Collect$$rtexit$$00000000  c_w.l(rtexit.o)
    0x000001a0   0x00000000   Code   RO         1179    .ARM.Collect$$rtexit$$00000002  c_w.l(rtexit2.o)
    0x000001a0   0x00000004   Code   RO         1180    .ARM.Collect$$rtexit$$00000003  c_w.l(rtexit2.o)
    0x000001a4   0x00000006   Code   RO         1181    .ARM.Collect$$rtexit$$00000004  c_w.l(rtexit2.o)
    0x000001aa   0x00000002   PAD
    0x000001ac   0x0000003c   Code   RO            5    .text               startup_lpc17xx.o
    0x000001e8   0x00000010   Code   RO           51    .text               main.o
    0x000001f8   0x0000003c   Code   RO          158    .text               delay.o
    0x00000234   0x0000006c   Code   RO          457    .text               crelay.o
    0x000002a0   0x00000038   Code   RO          506    .text               csetcurrent.o
    0x000002d8   0x00000006   Code   RO         1098    .text               c_w.l(heapauxi.o)
    0x000002de   0x0000000c   Code   RO         1122    .text               c_w.l(exit.o)
    0x000002ea   0x00000002   PAD
    0x000002ec   0x00000008   Code   RO         1130    .text               c_w.l(libspace.o)
    0x000002f4   0x00000008   Code   RO         1188    .text               c_w.l(rt_fp_status_addr_intlibspace.o)
    0x000002fc   0x00000004   Code   RO            4    .ARM.__at_0x02FC    startup_lpc17xx.o
    0x00000300   0x00000234   Code   RO           27    .text               system_lpc17xx.o
    0x00000534   0x0000054c   Code   RO          136    .text               ssp.o
    0x00000a80   0x000004a4   Code   RO          185    .text               i2c.o
    0x00000f24   0x000006d0   Code   RO          212    .text               uart.o
    0x000015f4   0x000001d0   Code   RO          252    .text               gpioinit.o
    0x000017c4   0x00000238   Code   RO          270    .text               extint.o
    0x000019fc   0x000004c0   Code   RO          294    .text               ctime.o
    0x00001ebc   0x000000d0   Code   RO          318    .text               ctimedef.o
    0x00001f8c   0x000000d4   Code   RO          345    .text               pwm.o
    0x00002060   0x000008a4   Code   RO          366    .text               lcd.o
    0x00002904   0x000005a0   Code   RO          402    .text               pcf8563.o
    0x00002ea4   0x0000034c   Code   RO          420    .text               key.o
    0x000031f0   0x000001a4   Code   RO          442    .text               cled.o
    0x00003394   0x00000448   Code   RO          488    .text               cgrapparam.o
    0x000037dc   0x0000060c   Code   RO          518    .text               cflashparam.o
    0x00003de8   0x00000204   Code   RO          537    .text               csendtoflash.o
    0x00003fec   0x000000dc   Code   RO          555    .text               cgetcompsum.o
    0x000040c8   0x000000d0   Code   RO          570    .text               cspeaker.o
    0x00004198   0x00000050   Code   RO          582    .text               cintstend.o
    0x000041e8   0x000000a4   Code   RO          594    .text               initialization.o
    0x0000428c   0x0000071e   Code   RO          606    .text               alarmenu.o
    0x000049aa   0x00000002   PAD
    0x000049ac   0x000006bc   Code   RO          618    .text               batterylow.o
    0x00005068   0x000006b8   Code   RO          630    .text               breakdown.o
    0x00005720   0x000001cc   Code   RO          642    .text               checkmenu.o
    0x000058ec   0x000004e0   Code   RO          657    .text               mainmenu.o
    0x00005dcc   0x00000368   Code   RO          669    .text               setmenu.o
    0x00006134   0x000002a4   Code   RO          681    .text               startmenu.o
    0x000063d8   0x000001dc   Code   RO          694    .text               testmenu.o
    0x000065b4   0x000003cc   Code   RO          706    .text               clocalset.o
    0x00006980   0x0000052c   Code   RO          718    .text               ccompreg.o
    0x00006eac   0x000004c8   Code   RO          730    .text               ccompset.o
    0x00007374   0x00000a84   Code   RO          742    .text               cdatemod.o
    0x00007df8   0x000003f0   Code   RO          755    .text               cannotate.o
    0x000081e8   0x000006d2   Code   RO          767    .text               ccompstat.o
    0x000088ba   0x00000002   PAD
    0x000088bc   0x00000300   Code   RO          780    .text               csyscheck.o
    0x00008bbc   0x00000490   Code   RO          795    .text               ccompinten.o
    0x0000904c   0x000007d6   Code   RO          810    .text               chistorylist.o
    0x00009822   0x00000002   PAD
    0x00009824   0x00000078   Code   RO          825    .text               ctestself.o
    0x0000989c   0x000000ac   Code   RO          837    .text               cmodelfault.o
    0x00009948   0x00000044   Code   RO          849    .text               csysreset.o
    0x0000998c   0x00000f2c   Code   RO          861    .text               ccomhandle.o
    0x0000a8b8   0x00000478   Code   RO          899    .text               ccompara.o
    0x0000ad30   0x000003cc   Code   RO          924    .text               caddresscount.o
    0x0000b0fc   0x0000008c   Code   RO          940    .text               csendto195.o
    0x0000b188   0x000007f8   Code   RO          955    .text               runfunction.o
    0x0000b980   0x00000440   Code   RO          974    .text               tasklist.o
    0x0000bdc0   0x00000d38   Code   RO          992    .text               ctasksure.o
    0x0000caf8   0x00000160   Code   RO         1018    .text               cgetgrap.o
    0x0000cc58   0x00000250   Code   RO         1030    .text               ctaskreturn.o
    0x0000cea8   0x000000d8   Code   RO         1045    .text               ckeycounter.o
    0x0000cf80   0x000007f4   Code   RO         1063    .text               ctaskdown.o
    0x0000d774   0x000005b0   Code   RO         1079    .text               ctaskup.o
    0x0000dd24   0x00000064   Code   RO         1094    .text               c_w.l(rt_memcpy_w.o)
    0x0000dd88   0x0000004a   Code   RO         1120    .text               c_w.l(sys_stackheap_outer.o)
    0x0000ddd2   0x00000002   PAD
    0x0000ddd4   0x0000000c   Code   RO         1192    .text               c_w.l(sys_exit.o)
    0x0000dde0   0x00000002   Code   RO         1203    .text               c_w.l(use_no_semi.o)
    0x0000dde2   0x00000000   Code   RO         1205    .text               c_w.l(indicate_semi.o)
    0x0000dde2   0x0000000e   Code   RO         1176    x$fpl$fpinit        fz_ws.l(fpinit.o)
    0x0000ddf0   0x00040c80   Data   RO          367    .constdata          lcd.o
    0x0004ea70   0x00000041   Data   RO          768    .constdata          ccompstat.o
    0x0004eab1   0x00000003   PAD
    0x0004eab4   0x00000020   Data   RO         1257    Region$$Table       anon$$obj.o


    Execution Region RW_IRAM1 (Base: 0x10000000, Size: 0x00006da8, Max: 0x00010000, ABSOLUTE, COMPRESSED[0x000002c4])

    Base Addr    Size         Type   Attr      Idx    E Section Name        Object

    0x10000000   0x00000004   Data   RW           28    .data               system_lpc17xx.o
    0x10000004   0x00000004   Data   RW          159    .data               delay.o
    0x10000008   0x00000016   Data   RW          186    .data               i2c.o
    0x1000001e   0x0000000c   Data   RW          214    .data               uart.o
    0x1000002a   0x00000002   PAD
    0x1000002c   0x00000008   Data   RW          271    .data               extint.o
    0x10000034   0x00000018   Data   RW          295    .data               ctime.o
    0x1000004c   0x00000018   Data   RW          319    .data               ctimedef.o
    0x10000064   0x00000008   Data   RW          346    .data               pwm.o
    0x1000006c   0x00000490   Data   RW          368    .data               lcd.o
    0x100004fc   0x00000008   Data   RW          403    .data               pcf8563.o
    0x10000504   0x00000008   Data   RW          422    .data               key.o
    0x1000050c   0x0000002c   Data   RW          489    .data               cgrapparam.o
    0x10000538   0x00000006   Data   RW          520    .data               cflashparam.o
    0x1000053e   0x00000001   Data   RW          796    .data               ccompinten.o
    0x1000053f   0x00000001   PAD
    0x10000540   0x00000036   Data   RW          863    .data               ccomhandle.o
    0x10000576   0x00000002   PAD
    0x10000578   0x0000001f   Data   RW          901    .data               ccompara.o
    0x10000597   0x00000005   Data   RW          926    .data               caddresscount.o
    0x1000059c   0x0000000d   Data   RW          956    .data               runfunction.o
    0x100005a9   0x00000001   PAD
    0x100005aa   0x0000000e   Data   RW          994    .data               ctasksure.o
    0x100005b8   0x00000006   Data   RW         1046    .data               ckeycounter.o
    0x100005be   0x00000002   PAD
    0x100005c0   0x00000008   Data   RW         1064    .data               ctaskdown.o
    0x100005c8   0x00001d6b   Zero   RW          213    .bss                uart.o
    0x10002333   0x00000001   PAD
    0x10002334   0x00000018   Zero   RW          421    .bss                key.o
    0x1000234c   0x000043a4   Zero   RW          519    .bss                cflashparam.o
    0x100066f0   0x00000064   Zero   RW          538    .bss                csendtoflash.o
    0x10006754   0x000000b1   Zero   RW          862    .bss                ccomhandle.o
    0x10006805   0x0000023a   Zero   RW          900    .bss                ccompara.o
    0x10006a3f   0x00000096   Zero   RW          925    .bss                caddresscount.o
    0x10006ad5   0x0000000f   Zero   RW          941    .bss                csendto195.o
    0x10006ae4   0x00000064   Zero   RW          993    .bss                ctasksure.o
    0x10006b48   0x00000060   Zero   RW         1131    .bss                c_w.l(libspace.o)
    0x10006ba8   0x00000000   Zero   RW            2    HEAP                startup_lpc17xx.o
    0x10006ba8   0x00000200   Zero   RW            1    STACK               startup_lpc17xx.o


    Execution Region RW_IRAM2 (Base: 0x2007c000, Size: 0x00000000, Max: 0x00008000, ABSOLUTE)

    **** No section assigned to this execution region ****


==============================================================================

Image component sizes


      Code (inc. data)   RO Data    RW Data    ZI Data      Debug   Object Name

      1822         44          0          0          0       1417   alarmenu.o
      1724         46          0          0          0       1358   batterylow.o
      1720         42          0          0          0       1352   breakdown.o
       972         34          0          5        150       3499   caddresscount.o
      1008         16          0          0          0       1124   cannotate.o
      3884        184          0         54        177      11129   ccomhandle.o
      1144         92          0         31        570       8696   ccompara.o
      1168         58          0          1          0       1511   ccompinten.o
      1324         30          0          0          0       1003   ccompreg.o
      1224         48          0          0          0       1406   ccompset.o
      1746          4         65          0          0       1460   ccompstat.o
      2692         50          0          0          0       1259   cdatemod.o
      1548         48          0          6      17316      10159   cflashparam.o
       220         12          0          0          0        833   cgetcompsum.o
       352         18          0          0          0       1214   cgetgrap.o
      1096        118          0         44          0      13906   cgrapparam.o
       460         28          0          0          0        601   checkmenu.o
      2006         72          0          0          0       2323   chistorylist.o
        80         10          0          0          0        518   cintstend.o
       216         16          0          6          0       3431   ckeycounter.o
       420          8          0          0          0       2194   cled.o
       972         32          0          0          0        917   clocalset.o
       172         16          0          0          0        436   cmodelfault.o
         0          0          0          0          0       4156   core_cm3.o
       108         10          0          0          0        757   crelay.o
       140          6          0          0         15       1568   csendto195.o
       516          4          0          0        100       2094   csendtoflash.o
        56          4          0          0          0        541   csetcurrent.o
       208          6          0          0          0        943   cspeaker.o
       768         24          0          0          0        796   csyscheck.o
        68          8          0          0          0        424   csysreset.o
      2036         18          0          8          0       2649   ctaskdown.o
       592         30          0          0          0       6383   ctaskreturn.o
      3384        102          0         14        100      10631   ctasksure.o
      1456          4          0          0          0       1753   ctaskup.o
       120         12          0          0          0        456   ctestself.o
      1216         86          0         24          0       8939   ctime.o
       208         18          0         24          0       3537   ctimedef.o
        60          6          0          4          0      59458   delay.o
       568         62          0          8          0       8165   extint.o
       464         18          0          0          0        563   gpioinit.o
      1188         92          0         22          0       9443   i2c.o
       164          6          0          0          0        630   initialization.o
       844         12          0          8         24       2194   key.o
      2212         26     265344       1168          0       9040   lcd.o
        16          0          0          0          0      57063   main.o
      1248         90          0          0          0       1399   mainmenu.o
      1440         12          0          8          0       4412   pcf8563.o
       212         20          0          8          0       6381   pwm.o
      2040         70          0         13          0       2838   runfunction.o
       872         52          0          0          0        911   setmenu.o
      1356         34          0          0          0       5449   ssp.o
       676         22          0          0          0        517   startmenu.o
        64         26        204          0        512        940   startup_lpc17xx.o
       564         60          0          4          0        925   system_lpc17xx.o
      1088          4          0          0          0       1585   tasklist.o
       476         22          0          0          0        719   testmenu.o
      1744         92          0         12       7531      69169   uart.o

    ----------------------------------------------------------------------
     56148       2084     265648       1480      26496     359174   Object Totals
         0          0         32          0          0          0   (incl. Generated)
         6          0          3          8          1          0   (incl. Padding)

    ----------------------------------------------------------------------

      Code (inc. data)   RO Data    RW Data    ZI Data      Debug   Library Member Name

        90          0          0          0          0          0   __dczerorl2.o
         8          0          0          0          0         68   __main.o
        52          8          0          0          0          0   __scatter.o
        28          0          0          0          0          0   __scatter_zi.o
        12          0          0          0          0         72   exit.o
         6          0          0          0          0        152   heapauxi.o
         0          0          0          0          0          0   indicate_semi.o
         6          0          0          0          0          0   libinit.o
         2          0          0          0          0          0   libinit2.o
         2          0          0          0          0          0   libshutdown.o
         2          0          0          0          0          0   libshutdown2.o
         8          4          0          0         96         68   libspace.o
         8          4          0          0          0         68   rt_fp_status_addr_intlibspace.o
       100          0          0          0          0         80   rt_memcpy_w.o
         0          0          0          0          0          0   rtentry.o
        12          0          0          0          0          0   rtentry2.o
         6          0          0          0          0          0   rtentry4.o
         2          0          0          0          0          0   rtexit.o
        10          0          0          0          0          0   rtexit2.o
        12          4          0          0          0         68   sys_exit.o
        74          0          0          0          0         80   sys_stackheap_outer.o
         2          0          0          0          0         68   use_no_semi.o
        14          0          0          0          0         76   fpinit.o

    ----------------------------------------------------------------------
       464         20          0          0         96        800   Library Totals
         8          0          0          0          0          0   (incl. Padding)

    ----------------------------------------------------------------------

      Code (inc. data)   RO Data    RW Data    ZI Data      Debug   Library Name

       442         20          0          0         96        724   c_w.l
        14          0          0          0          0         76   fz_ws.l

    ----------------------------------------------------------------------
       464         20          0          0         96        800   Library Totals

    ----------------------------------------------------------------------

==============================================================================


      Code (inc. data)   RO Data    RW Data    ZI Data      Debug   

     56612       2104     265648       1480      26592     354098   Grand Totals
     56612       2104     265648        708      26592     354098   ELF Image Totals (compressed)
     56612       2104     265648        708          0          0   ROM Totals

==============================================================================

    Total RO  Size (Code + RO Data)               322260 ( 314.71kB)
    Total RW  Size (RW Data + ZI Data)             28072 (  27.41kB)
    Total ROM Size (Code + RO Data + RW Data)     322968 ( 315.40kB)

==============================================================================

