<html>
<body>
<pre>
<h1>µVision Build Log</h1>
<h2>Project:</h2>
C:\Users\grant\Documents\Tencent Files\993851605\FileRecv\LPC1766 USB_1GBSD¿¨\LPC1766 USB_1GBSD¿¨\usb_disk_test.uvproj
Project File Date:  10/09/2011

<h2>Output:</h2>
Build target 'usb_disk_test'
assembling startup_LPC17xx.s...
compiling memory.c...
compiling mscuser.c...
mscuser.c(244): warning:  #177-D: variable "n" was declared but never referenced
compiling usbcore.c...
compiling usbdesc.c...
compiling usbhw.c...
compiling usbuser.c...
compiling sd.c...
compiling system_LPC17xx.c...
compiling core_cm3.c...
compiling Serial.c...
compiling Retarget.c...
linking...
Program Size: Code=9046 RO-data=466 RW-data=104 ZI-data=5992  
FromELF: creating hex file...
".\output\usb_disk_test.axf" - 0 Error(s), 1 Warning(s).
Build target 'usb_disk_test'
assembling startup_LPC17xx.s...
compiling memory.c...
compiling mscuser.c...
compiling usbcore.c...
compiling usbdesc.c...
compiling usbhw.c...
compiling usbuser.c...
compiling sd.c...
compiling system_LPC17xx.c...
compiling core_cm3.c...
compiling Serial.c...
compiling Retarget.c...
linking...
Program Size: Code=9042 RO-data=466 RW-data=104 ZI-data=5992  
FromELF: creating hex file...
".\output\usb_disk_test.axf" - 0 Error(s), 0 Warning(s).
Build target 'usb_disk_test'
assembling startup_LPC17xx.s...
compiling memory.c...
compiling mscuser.c...
compiling usbcore.c...
compiling usbdesc.c...
compiling usbhw.c...
compiling usbuser.c...
compiling sd.c...
compiling system_LPC17xx.c...
compiling core_cm3.c...
compiling Serial.c...
compiling Retarget.c...
linking...
Program Size: Code=9042 RO-data=466 RW-data=104 ZI-data=5992  
FromELF: creating hex file...
".\output\usb_disk_test.axf" - 0 Error(s), 0 Warning(s).
